// Vitest Snapshot v1, https://vitest.dev/guide/snapshot.html

exports[`Sorting tests > should sort the posts by most comments first 1`] = `
[
  {
    "comments": [
      {
        "count": 4,
      },
    ],
    "id": 3,
  },
  {
    "comments": [
      {
        "count": 3,
      },
    ],
    "id": 1,
  },
  {
    "comments": [
      {
        "count": 2,
      },
    ],
    "id": 2,
  },
]
`;
